// Jest Snapshot v1, https://goo.gl/fbAQLP

exports[`Header should render correctly 1`] = `
<styled.div>
  <styled.header>
    <styled.h2>
      Play Rock Paper Scissors
    </styled.h2>
    <styled.img
      alt="logo"
      name="RockPaperScissors"
      src="http://www.sclance.com/pngs/rock-paper-scissors-png/rock_paper_scissors_png_1176896.png"
    />
  </styled.header>
</styled.div>
`;
